# Tachyon - Fast Multi-Threaded Web Discovery Tool
# Copyright (c) 2011 Gabriel Tremblay - initnull hat gmail.com
#
# GNU General Public Licence (GPL)
#
# This program is free software; you can redistribute it and/or modify it under
# the terms of the GNU General Public License as published by the Free Software
# Foundation; either version 2 of the License, or (at your option) any later
# version.
# This program is distributed in the hope that it will be useful, but WITHOUT
# ANY WARRANTY; without even the implied warranty of MERCHANTABILITY or FITNESS
# FOR A PARTICULAR PURPOSE.  See the GNU General Public License for more
# details.
# You should have received a copy of the GNU General Public License along with
# this program; if not, write to the Free Software Foundation, Inc., 59 Temple
# Place, Suite 330, Boston, MA  02111-1307  USA

{"url" : "access", "description" : "access log"}
{"url" : "account", "description" : "Accounts"}
{"url" : "accounts", "description" : "Accounts"}
{"url" : "akeeba.backend.log", "description" : "Akeeba backup transation logs", "no_suffix": True}
{"url" : "analog.html", "description" : "Analog web statistics", "no_suffix": True}
{"url" : "admin", "description" : "Admin file"}
{"url" : "administrators", "description" : "Admin file"}
{"url" : "administration", "description" : "Admin file"}
{"url" : "application", "description" : "Application file"}
{"url" : "application.wadl", "description" : "REST API description file", "no_suffix": True}
{"url" : "authors", "description" : "Password file"}
{"url" : "auth", "description" : "auth file"}
{"url" : "authuser", "description" : "auth file"}
{"url" : "authusers", "description" : "auth file"}
{"url" : "archive", "description" : "archive file"}
{"url" : "archives", "description" : "archive file"}
{"url" : "backup", "description" : "backup"}
{"url" : "bar", "description" : "random backup"}
{"url" : "cachemgr.cgi", "description" : "Squid proxy admin interface", "no_suffix": True}
{"url" : "ccbill", "description" : "CCBill.com logs"}
{"url" : "config", "description" : "Config file"}
{"url" : "common", "description" : "Config file"}
{"url" : "cron", "description" : "crontab file"}
{"url" : "crossdomain.xml", "description" : "Crossdomain policy file", "no_suffix": True}
{"url" : "crypt", "description" : "encryption file"}
{"url" : "crypto", "description" : "encryption file"}
{"url" : "data", "description" : "database backup"}
{"url" : "database", "description" : "database backup"}
{"url" : "db", "description" : "database backup"}
{"url" : "default", "description" : "default file"}
{"url" : "deploy", "description" : "Site backup"}
{"url" : "digest", "description" : "digest file"}
{"url" : "dokuwiki", "description" : "Dokuwiki backup"}
{"url" : "encrypt", "description" : "encryption file"}
{"url" : "error", "description" : "error log"}
{"url" : "errors", "description" : "errors log"}
{"url" : "export", "description" : "database backup"}
{"url" : "foo", "description" : "random backup"}
{"url" : ".htaccess", "description" : "htacces file", "no_suffix": True}
{"url" : ".hta", "description" : "htacces file", "no_suffix": True}
{"url" : ".htpasswd", "description" : "htpasswd file", "no_suffix": True}
{"url" : "id_rsa", "description" : "rsa private key", "no_suffix": True}
{"url" : "id_rsa.pub", "description" : "rsa public key", "no_suffix": True}
{"url" : "known_hosts", "description" : "ssh known hosts", "no_suffix": True}
{"url" : "import", "description" : "database backup"}
{"url" : "index", "description" : "index.php backup"}
{"url" : "install", "description" : "install file"}
{"url" : "infos", "description" : "info file"}
{"url" : "key", "description" : "key file"}
{"url" : "keys", "description" : "key file"}
{"url" : "local", "description" : "Local config"}
{"url" : "login", "description" : "login log (login.txt could be Gallery key)"}
{"url" : "log", "description" : "Log file"}
{"url" : "logs", "description" : "Log file"}
{"url" : "logger", "description" : "Log file"}
{"url" : "master", "description" : "master file"}
{"url" : "main.mdb", "description" : "ASP-Nuke db", "no_suffix": True}
{"url" : "mysql", "description" : "Mysql config"}
{"url" : "my", "description" : "Mysql config"}
{"url" : "note", "description" : "notes file"}
{"url" : "notes", "description" : "notes file"}
{"url" : "pass", "description" : "Password file"}
{"url" : "password", "description" : "password file"}
{"url" : "passwords", "description" : "password file"}
{"url" : "passwd", "description" : "Password file"}
{"url" : ".passwd", "description" : "Password file", "no_suffix": True}
{"url" : "php", "description" : "php config"}
{"url" : "proftpd", "description" : "ProFTPD config"}
{"url" : "pixelpost", "description" : "Pixelpost config"}
{"url" : "pmwiki", "description" : "pmwiki file"}
{"url" : "putty", "description" : "PuTTY logs"}
{"url" : "putty.reg", "description" : "PuTTY logs", "no_suffix": True}
{"url" : "register", "description" : "Register file"}
{"url" : "service", "description" : "Password file"}
{"url" : "settings", "description" : "settings file"}
{"url" : "site", "description" : "database backup"}
{"url" : "test", "description" : "test dir/file"}
{"url" : "test_db", "description" : "database backup"}
{"url" : "transactions", "description" : "transactions log"}
{"url" : "transaction", "description" : "transactions log"}
{"url" : "user", "description" : "username file"}
{"url" : "users", "description" : "usernames file"}
{"url" : "usernames", "description" : "usernames file"}
{"url" : "username", "description" : "usernames file"}
{"url" : "WS_FTP.LOG", "description" : "WS_FTP client logs", "no_suffix": True}
{"url" : "ws_ftp", "description" : "WS_FTP client config"}
{"url" : "xmlrpc.php", "description" : "Website API", "no_suffix": True}
{"url" : "xml-rpc", "description" : "Website API"}
{"url" : "rpc", "description" : "Website API"}
{"url" : "json", "description" : "Website API"}
{"url" : "json-api", "description" : "Website API"}
{"url" : "web", "description" : "Web file"}

# PHP common developer files
{"url" : "info.php", "description" : "Common phpinfo() wrapper script", "match_string" : "PHPE9568F34-D428-11d2-A769-00AA001ACF42", "no_suffix": True}
{"url" : "infos.php", "description" : "Common phpinfo() wrapper script", "match_string" : "PHPE9568F34-D428-11d2-A769-00AA001ACF42", "no_suffix": True}
{"url" : "phpinfo.php", "description" : "Common phpinfo() wrapper script", "match_string" : "PHPE9568F34-D428-11d2-A769-00AA001ACF42", "no_suffix": True}
{"url" : "phpinfos.php", "description" : "Common phpinfo() wrapper script", "match_string" : "PHPE9568F34-D428-11d2-A769-00AA001ACF42", "no_suffix": True}

# Home shell temporary files
{"url" : ".bash_history", "description" : "Bash history", "no_suffix": True}
{"url" : ".bashrc", "description" : "Bash default config file", "no_suffix": True}
{"url" : ".config", "description" : "Generic config", "no_suffix": True}
{"url" : ".mysql_history", "description" : "mysql history", "no_suffix": True}
{"url" : ".profile", "description" : "Common default shell config file", "no_suffix": True}
{"url" : ".sh_history", "description" : "sh history", "no_suffix": True}

# Common guess we don't want to be appended with suffixes
{"url" : "index2.php", "description" : "Backup index page", "no_suffix": True}
{"url" : "index3.php", "description" : "Backup index page", "no_suffix": True}

# Svn entries file
{"url" : ".svn/entries", "description" : "SVN entries file", "no_suffix": True}

# cache monitoring
{"url" : "apc.php", "description" : "Zend cache monitoring", "no_suffix": True}
{"url" : "memcached.php", "description" : "memcached monitoring", "no_suffix": True}

